// Jest Snapshot v1, https://goo.gl/fbAQLP

exports[`Register.vue should have a regsiterUsers component and match snapshot 1`] = `
<v-col-stub tag="div" class="pa-lg-10">
  <v-card-stub loaderheight="4" tag="div" class=" mx-auto">
    <form class="pa-10">
      <p class="reg-text">Java MeetUp Registration</p>
      <v-text-field-stub errorcount="1" errormessages="" messages="" rules="" successmessages="" value="" backgroundcolor="" label="Name" loaderheight="2" clearicon="$clear" type="text" required=""></v-text-field-stub>
      <v-text-field-stub errorcount="1" errormessages="" messages="" rules="" successmessages="" value="" backgroundcolor="" label="E-mail" loaderheight="2" clearicon="$clear" type="text" required=""></v-text-field-stub>
      <v-text-field-stub errorcount="1" errormessages="" messages="" rules="" successmessages="" value="" backgroundcolor="" label="Address" loaderheight="2" clearicon="$clear" type="text" required=""></v-text-field-stub>
      <v-text-field-stub errorcount="1" errormessages="" messages="" rules="" successmessages="" value="" backgroundcolor="" label="Phone Number" loaderheight="2" clearicon="$clear" type="text"></v-text-field-stub>
      <v-text-field-stub errorcount="1" errormessages="" messages="" rules="" successmessages="" value="" backgroundcolor="" label="Password" loaderheight="2" clearicon="$clear" type="password" required=""></v-text-field-stub>
      <v-btn-stub color="primary" tag="button" activeclass="" type="button" class="mr-4">Register</v-btn-stub>
      <v-btn-stub tag="button" activeclass="" type="button">clear</v-btn-stub>
    </form>
  </v-card-stub>
  <snackbar-stub></snackbar-stub>
</v-col-stub>
`;
